2025-11-11 13:31:42,569 | INFO | Loading latest profile data from: C:\github\Bootcamp-Final-Project\python\sp500_finnhub_profiles_20251110_105544.json
2025-11-11 13:31:42,573 | INFO | Successfully loaded 503 company profiles from JSON
2025-11-11 13:31:42,646 | INFO | Table 'sp500_finnhub_profiles' ensured with clear unit column names
2025-11-11 13:31:42,667 | INFO | Committed 50 profiles to database
2025-11-11 13:31:42,670 | ERROR | Database error: insert or update on table "sp500_finnhub_profiles" violates foreign key constraint "fk_symbol"
DETAIL:  Key (symbol)=(BRK-B) is not present in table "sp500_symbols".

2025-11-11 13:32:50,068 | INFO | Loading latest profile data from: C:\github\Bootcamp-Final-Project\python\sp500_finnhub_profiles_20251110_105544.json
2025-11-11 13:32:50,080 | INFO | Successfully loaded 503 company profiles from JSON
2025-11-11 13:32:50,158 | INFO | Table 'sp500_finnhub_profiles' ensured with clear unit column names
2025-11-11 13:32:50,184 | INFO | Committed 50 profiles to database
2025-11-11 13:32:50,190 | ERROR | Database error: insert or update on table "sp500_finnhub_profiles" violates foreign key constraint "fk_symbol"
DETAIL:  Key (symbol)=(BRK-B) is not present in table "sp500_symbols".

2025-11-11 13:35:35,561 | INFO | 成功載入 503 檔股票代碼（最穩讀法）
2025-11-11 13:35:37,400 | INFO | [  1/503] AES → OK
2025-11-11 13:35:38,499 | INFO | [  2/503] AFL → OK
2025-11-11 13:35:39,596 | INFO | [  3/503] ABBV → OK
2025-11-11 13:35:40,689 | INFO | [  4/503] APD → OK
2025-11-11 13:35:41,783 | INFO | [  5/503] ALB → OK
2025-11-11 13:35:42,876 | INFO | [  6/503] AMD → OK
2025-11-11 13:35:43,968 | INFO | [  7/503] ARE → OK
2025-11-11 13:35:45,062 | INFO | [  8/503] ACN → OK
2025-11-11 13:35:46,155 | INFO | [  9/503] ABNB → OK
2025-11-11 13:35:47,248 | INFO | [ 10/503] MMM → OK
2025-11-11 13:35:48,341 | INFO | [ 11/503] AKAM → OK
2025-11-11 13:35:49,434 | INFO | [ 12/503] ABT → OK
2025-11-11 13:35:50,527 | INFO | [ 13/503] ADBE → OK
2025-11-11 13:35:51,620 | INFO | [ 14/503] A → OK
2025-11-11 13:35:52,712 | INFO | [ 15/503] AMCR → OK
2025-11-11 13:35:53,804 | INFO | [ 16/503] GOOG → OK
2025-11-11 13:35:54,897 | INFO | [ 17/503] MO → OK
2025-11-11 13:35:55,991 | INFO | [ 18/503] LNT → OK
2025-11-11 13:35:57,085 | INFO | [ 19/503] ALLE → OK
2025-11-11 13:35:58,178 | INFO | [ 20/503] AMZN → OK
2025-11-11 13:35:59,271 | INFO | [ 21/503] AXP → OK
2025-11-11 13:36:00,364 | INFO | [ 22/503] ALGN → OK
2025-11-11 13:36:01,458 | INFO | [ 23/503] AIG → OK
2025-11-11 13:36:02,552 | INFO | [ 24/503] AEE → OK
2025-11-11 13:36:03,645 | INFO | [ 25/503] AEP → OK
2025-11-11 13:36:04,738 | INFO | [ 26/503] ALL → OK
2025-11-11 13:36:05,831 | INFO | [ 27/503] GOOGL → OK
2025-11-11 13:36:06,923 | INFO | [ 28/503] AMT → OK
2025-11-11 13:36:08,017 | INFO | [ 29/503] AOS → OK
2025-11-11 13:36:09,111 | INFO | [ 30/503] AWK → OK
2025-11-11 13:36:10,206 | INFO | [ 31/503] AMP → OK
2025-11-11 13:36:11,299 | INFO | [ 32/503] AME → OK
2025-11-11 13:36:12,393 | INFO | [ 33/503] AMGN → OK
2025-11-11 13:36:13,487 | INFO | [ 34/503] APA → OK
2025-11-11 13:36:14,580 | INFO | [ 35/503] ADI → OK
2025-11-11 13:36:15,674 | INFO | [ 36/503] APH → OK
2025-11-11 13:36:16,768 | INFO | [ 37/503] AON → OK
2025-11-11 13:36:17,862 | INFO | [ 38/503] AMAT → OK
2025-11-11 13:36:18,954 | INFO | [ 39/503] APO → OK
2025-11-11 13:36:20,048 | INFO | [ 40/503] AAPL → OK
2025-11-11 13:36:21,141 | INFO | [ 41/503] ACGL → OK
2025-11-11 13:36:22,235 | INFO | [ 42/503] ANET → OK
2025-11-11 13:36:23,329 | INFO | [ 43/503] AIZ → OK
2025-11-11 13:36:24,422 | INFO | [ 44/503] BKR → OK
2025-11-11 13:36:25,514 | INFO | [ 45/503] ATO → OK
2025-11-11 13:36:26,608 | INFO | [ 46/503] ADP → OK
2025-11-11 13:36:27,704 | INFO | [ 47/503] T → OK
2025-11-11 13:36:28,796 | INFO | [ 48/503] ADSK → OK
2025-11-11 13:36:29,890 | INFO | [ 49/503] AVB → OK
2025-11-11 13:36:30,983 | INFO | [ 50/503] BALL → OK
2025-11-11 13:36:32,077 | INFO | [ 51/503] AZO → OK
2025-11-11 13:36:33,171 | INFO | [ 52/503] AVY → OK
2025-11-11 13:36:34,265 | INFO | [ 53/503] AXON → OK
2025-11-11 13:36:35,360 | INFO | [ 54/503] BAC → OK
2025-11-11 13:36:36,454 | INFO | [ 55/503] ADM → OK
2025-11-11 13:36:37,548 | INFO | [ 56/503] BAX → OK
2025-11-11 13:36:38,641 | INFO | [ 57/503] APTV → OK
2025-11-11 13:36:39,737 | INFO | [ 58/503] BDX → OK
2025-11-11 13:36:40,832 | INFO | [ 59/503] TECH → OK
2025-11-11 13:36:41,926 | INFO | [ 60/503] BBY → OK
2025-11-11 13:36:43,020 | INFO | [ 61/503] BK → OK
2025-11-11 13:36:44,112 | INFO | [ 62/503] BIIB → OK
2025-11-11 13:36:45,204 | INFO | [ 63/503] BLK → OK
2025-11-11 13:36:46,298 | INFO | [ 64/503] XYZ → OK
2025-11-11 13:36:47,390 | INFO | [ 65/503] BX → OK
2025-11-11 13:36:48,484 | INFO | [ 66/503] AJG → OK
2025-11-11 13:36:49,577 | INFO | [ 67/503] BRO → OK
2025-11-11 13:36:50,670 | INFO | [ 68/503] BMY → OK
2025-11-11 13:36:51,763 | INFO | [ 69/503] BR → OK
2025-11-11 13:36:52,855 | INFO | [ 70/503] BSX → OK
2025-11-11 13:36:53,947 | INFO | [ 71/503] AVGO → OK
2025-11-11 13:36:55,041 | INFO | [ 72/503] BF-B → OK
2025-11-11 13:36:56,135 | INFO | [ 73/503] BKNG → OK
2025-11-11 13:36:57,227 | INFO | [ 74/503] BXP → OK
2025-11-11 13:36:58,320 | INFO | [ 75/503] BLDR → OK
2025-11-11 13:36:59,413 | INFO | [ 76/503] BG → OK
2025-11-11 13:37:00,505 | INFO | [ 77/503] CDNS → OK
2025-11-11 13:37:01,598 | INFO | [ 78/503] CHRW → OK
2025-11-11 13:37:02,690 | INFO | [ 79/503] CZR → OK
2025-11-11 13:37:03,783 | INFO | [ 80/503] BRK-B → OK
2025-11-11 13:37:04,876 | INFO | [ 81/503] CPT → OK
2025-11-11 13:37:05,970 | INFO | [ 82/503] CAH → OK
